C:\Users\Victor\Documents\GitHub>dir
 Volume in drive C has no label.
 Volume Serial Number is E611-701E

 Directory of C:\Users\Victor\Documents\GitHub

22.10.2018  16:36    <DIR>          .
22.10.2018  16:36    <DIR>          ..
25.09.2017  15:07    <DIR>          ColugoGenome2016
25.09.2017  15:05               680 github.txt
23.10.2018  11:27    <DIR>          GitHubWorkflows
25.09.2017  15:00    <DIR>          HorseeQTLs2017
23.10.2018  11:55    <DIR>          no-dumb-please
               1 File(s)            680 bytes
               6 Dir(s)  261'346'443'264 bytes free

C:\Users\Victor\Documents\GitHub>git clone https://github.com/VCMason/Chickpeas.git
Cloning into 'Chickpeas'...
remote: Enumerating objects: 6, done.
remote: Counting objects: 100% (6/6), done.
remote: Compressing objects: 100% (3/3), done.
remote: Total 6 (delta 0), reused 0 (delta 0), pack-reused 0
Unpacking objects: 100% (6/6), done.

C:\Users\Victor\Documents\GitHub>ls
'ls' is not recognized as an internal or external command,
operable program or batch file.

C:\Users\Victor\Documents\GitHub>dir
 Volume in drive C has no label.
 Volume Serial Number is E611-701E

 Directory of C:\Users\Victor\Documents\GitHub

23.10.2018  15:38    <DIR>          .
23.10.2018  15:38    <DIR>          ..
23.10.2018  15:38    <DIR>          Chickpeas
25.09.2017  15:07    <DIR>          ColugoGenome2016
25.09.2017  15:05               680 github.txt
23.10.2018  11:27    <DIR>          GitHubWorkflows
25.09.2017  15:00    <DIR>          HorseeQTLs2017
23.10.2018  11:55    <DIR>          no-dumb-please
               1 File(s)            680 bytes
               7 Dir(s)  261'341'421'568 bytes free

C:\Users\Victor\Documents\GitHub>cd Chickpeas

C:\Users\Victor\Documents\GitHub\Chickpeas>dir
 Volume in drive C has no label.
 Volume Serial Number is E611-701E

 Directory of C:\Users\Victor\Documents\GitHub\Chickpeas
23.10.2018  15:38    <DIR>          .
23.10.2018  15:38    <DIR>          ..
23.10.2018  15:38                59 README.md
               1 File(s)             59 bytes
               2 Dir(s)  261'341'421'568 bytes free

C:\Users\Victor\Documents\GitHub\Chickpeas>python C.py
This has nothing to do with chickpeas

C:\Users\Victor\Documents\GitHub\Chickpeas>git status
On branch master
Your branch is up-to-date with 'origin/master'.

Untracked files:
  (use "git add <file>..." to include in what will be committed)

        C.py
        outputfile.txt

nothing added to commit but untracked files present (use "git add" to track)

C:\Users\Victor\Documents\GitHub\Chickpeas>git add -A

C:\Users\Victor\Documents\GitHub\Chickpeas>
C:\Users\Victor\Documents\GitHub\Chickpeas>
C:\Users\Victor\Documents\GitHub\Chickpeas>git commit -m "adding first files not about chickpeas"
[master a5a23de] adding first files not about chickpeas
 2 files changed, 6 insertions(+)
 create mode 100644 C.py
 create mode 100644 outputfile.txt

C:\Users\Victor\Documents\GitHub\Chickpeas>git push
fatal: HttpRequestException encountered.
   An error occurred while sending the request.
Username for 'https://github.com': VCMason
Password for 'https://VCMason@github.com':
Counting objects: 4, done.
Delta compression using up to 4 threads.
Compressing objects: 100% (3/3), done.
Writing objects: 100% (4/4), 452 bytes | 226.00 KiB/s, done.
Total 4 (delta 0), reused 0 (delta 0)
To https://github.com/VCMason/Chickpeas.git
   e18be5e..a5a23de  master -> master

C:\Users\Victor\Documents\GitHub\Chickpeas>git branch exp1

C:\Users\Victor\Documents\GitHub\Chickpeas>git branch
  exp1
* master

C:\Users\Victor\Documents\GitHub\Chickpeas>git checkout exp1
Switched to branch 'exp1'

C:\Users\Victor\Documents\GitHub\Chickpeas>git branch
* exp1
  master

C:\Users\Victor\Documents\GitHub\Chickpeas>git status
On branch exp1
nothing to commit, working tree clean

C:\Users\Victor\Documents\GitHub\Chickpeas>git status
On branch exp1
Changes not staged for commit:
  (use "git add <file>..." to update what will be committed)
  (use "git checkout -- <file>..." to discard changes in working directory)

        modified:   C.py

no changes added to commit (use "git add" and/or "git commit -a")

C:\Users\Victor\Documents\GitHub\Chickpeas>git add C.py

C:\Users\Victor\Documents\GitHub\Chickpeas>git commit -m "edited c.py"
[exp1 1438aed] edited c.py
 1 file changed, 1 insertion(+)

C:\Users\Victor\Documents\GitHub\Chickpeas>git checkout master
Switched to branch 'master'
Your branch is up-to-date with 'origin/master'.

C:\Users\Victor\Documents\GitHub\Chickpeas>git add C.py

C:\Users\Victor\Documents\GitHub\Chickpeas>git commit -m "edit c.py master"
[master def1ad0] edit c.py master
 1 file changed, 1 insertion(+)

C:\Users\Victor\Documents\GitHub\Chickpeas>git merge exp1
Auto-merging C.py
CONFLICT (content): Merge conflict in C.py
Automatic merge failed; fix conflicts and then commit the result.

C:\Users\Victor\Documents\GitHub\Chickpeas>git add C.py

C:\Users\Victor\Documents\GitHub\Chickpeas>git commit -m "resolved conflict"
[master 93bfe63] resolved conflict

C:\Users\Victor\Documents\GitHub\Chickpeas>git push origin exp1
fatal: HttpRequestException encountered.
   An error occurred while sending the request.
Username for 'https://github.com': VCMason
Password for 'https://VCMason@github.com':
Counting objects: 3, done.
Delta compression using up to 4 threads.
Compressing objects: 100% (3/3), done.
Writing objects: 100% (3/3), 361 bytes | 180.00 KiB/s, done.
Total 3 (delta 1), reused 0 (delta 0)
remote: Resolving deltas: 100% (1/1), completed with 1 local object.
remote:
remote: Create a pull request for 'exp1' on GitHub by visiting:
remote:      https://github.com/VCMason/Chickpeas/pull/new/exp1
remote:
To https://github.com/VCMason/Chickpeas.git
 * [new branch]      exp1 -> exp1

C:\Users\Victor\Documents\GitHub\Chickpeas>git push origin master
fatal: HttpRequestException encountered.
   An error occurred while sending the request.
Username for 'https://github.com': VCMason
Password for 'https://VCMason@github.com':
Counting objects: 6, done.
Delta compression using up to 4 threads.
Compressing objects: 100% (6/6), done.
Writing objects: 100% (6/6), 711 bytes | 237.00 KiB/s, done.
Total 6 (delta 2), reused 0 (delta 0)
remote: Resolving deltas: 100% (2/2), completed with 1 local object.
To https://github.com/VCMason/Chickpeas.git
   a5a23de..93bfe63  master -> master

C:\Users\Victor\Documents\GitHub\Chickpeas>